[KeOps] Compiling cuda jit compiler engine ... 
[KeOps] Warning : There were warnings or errors compiling formula :
In file included from /home/cbica/anaconda3/envs/dk/lib/python3.8/site-packages/keopscore/binders/nvrtc/nvrtc_jit.cpp:21:0:
/home/cbica/anaconda3/envs/dk/lib/python3.8/site-packages/keopscore/binders/nvrtc/nvrtc_jit.cpp: In function ‘int Compile(const char*, const char*, int, int, const char*)’:
<command-line>:0:20: error: ‘nvrtcGetCUBINSize’ was not declared in this scope
/home/cbica/anaconda3/envs/dk/lib/python3.8/site-packages/keopscore/include/utils_pe.h:6:26: note: in definition of macro ‘NVRTC_SAFE_CALL’
     nvrtcResult result = x;                                       \
                          ^
/home/cbica/anaconda3/envs/dk/lib/python3.8/site-packages/keopscore/binders/nvrtc/nvrtc_jit.cpp:90:21: note: in expansion of macro ‘nvrtcGetTARGETSize’
     NVRTC_SAFE_CALL(nvrtcGetTARGETSize(prog, &targetSize));
                     ^~~~~~~~~~~~~~~~~~
<command-line>:0:20: note: suggested alternative: ‘nvrtcGetPTXSize’
/home/cbica/anaconda3/envs/dk/lib/python3.8/site-packages/keopscore/include/utils_pe.h:6:26: note: in definition of macro ‘NVRTC_SAFE_CALL’
     nvrtcResult result = x;                                       \
                          ^
/home/cbica/anaconda3/envs/dk/lib/python3.8/site-packages/keopscore/binders/nvrtc/nvrtc_jit.cpp:90:21: note: in expansion of macro ‘nvrtcGetTARGETSize’
     NVRTC_SAFE_CALL(nvrtcGetTARGETSize(prog, &targetSize));
                     ^~~~~~~~~~~~~~~~~~
<command-line>:0:16: error: ‘nvrtcGetCUBIN’ was not declared in this scope
/home/cbica/anaconda3/envs/dk/lib/python3.8/site-packages/keopscore/include/utils_pe.h:6:26: note: in definition of macro ‘NVRTC_SAFE_CALL’
     nvrtcResult result = x;                                       \
                          ^
/home/cbica/anaconda3/envs/dk/lib/python3.8/site-packages/keopscore/binders/nvrtc/nvrtc_jit.cpp:93:21: note: in expansion of macro ‘nvrtcGetTARGET’
     NVRTC_SAFE_CALL(nvrtcGetTARGET(prog, target));
                     ^~~~~~~~~~~~~~
<command-line>:0:16: note: suggested alternative: ‘nvrtcGetPTX’
/home/cbica/anaconda3/envs/dk/lib/python3.8/site-packages/keopscore/include/utils_pe.h:6:26: note: in definition of macro ‘NVRTC_SAFE_CALL’
     nvrtcResult result = x;                                       \
                          ^
/home/cbica/anaconda3/envs/dk/lib/python3.8/site-packages/keopscore/binders/nvrtc/nvrtc_jit.cpp:93:21: note: in expansion of macro ‘nvrtcGetTARGET’
     NVRTC_SAFE_CALL(nvrtcGetTARGET(prog, target));
                     ^~~~~~~~~~~~~~

OK
